[0m11:09:44.603592 [debug] [MainThread]: Sending event: {'category': 'dbt', 'action': 'invocation', 'label': 'start', 'context': [<snowplow_tracker.self_describing_json.SelfDescribingJson object at 0x10b7f23d0>, <snowplow_tracker.self_describing_json.SelfDescribingJson object at 0x10b51bfd0>, <snowplow_tracker.self_describing_json.SelfDescribingJson object at 0x10b81bfd0>]}


============================== 11:09:44.606516 | 311c6eb2-e209-4e08-970b-0e1b5343a25a ==============================
[0m11:09:44.606516 [info ] [MainThread]: Running with dbt=1.11.7
[0m11:09:44.606775 [debug] [MainThread]: running dbt with arguments {'write_json': 'True', 'log_path': 'logs', 'use_experimental_parser': 'False', 'partial_parse': 'True', 'fail_fast': 'False', 'empty': 'None', 'version_check': 'True', 'debug': 'False', 'warn_error': 'None', 'use_colors': 'True', 'indirect_selection': 'eager', 'log_format': 'default', 'introspect': 'True', 'target_path': 'None', 'quiet': 'False', 'warn_error_options': 'WarnErrorOptionsV2(error=[], warn=[], silence=[])', 'cache_selected_only': 'False', 'printer_width': '80', 'send_anonymous_usage_stats': 'True', 'no_print': 'None', 'profiles_dir': '/Users/jean-jacques/.dbt', 'static_parser': 'True', 'invocation_command': 'dbt init .', 'log_cache_events': 'False'}
[0m11:10:15.852992 [debug] [MainThread]: Starter project path: /Users/jean-jacques/.pyenv/versions/app-sante-terri/lib/python3.11/site-packages/dbt/include/starter_project
[0m11:10:15.857779 [info ] [MainThread]: 
Your new dbt project "app_territoire" was created!

For more information on how to configure the profiles.yml file,
please consult the dbt documentation here:

  https://docs.getdbt.com/docs/configure-your-profile

One more thing:

Need help? Don't hesitate to reach out to us via GitHub issues or on Slack:

  https://community.getdbt.com/

Happy modeling!

[0m11:10:15.858119 [info ] [MainThread]: Setting up your profile.
[0m11:11:11.541669 [info ] [MainThread]: Profile app_territoire written to /Users/jean-jacques/.dbt/profiles.yml using target's profile_template.yml and your supplied values. Run 'dbt debug' to validate the connection.
[0m11:11:11.555047 [debug] [MainThread]: Resource report: {"command_name": "init", "command_success": true, "command_wall_clock_time": 86.98171, "process_in_blocks": "0", "process_kernel_time": 0.3265, "process_mem_max_rss": "230375424", "process_out_blocks": "0", "process_user_time": 1.167427}
[0m11:11:11.556198 [debug] [MainThread]: Command `dbt init` succeeded at 11:11:11.556053 after 86.98 seconds
[0m11:11:11.556689 [debug] [MainThread]: Sending event: {'category': 'dbt', 'action': 'invocation', 'label': 'end', 'context': [<snowplow_tracker.self_describing_json.SelfDescribingJson object at 0x10b81ba90>, <snowplow_tracker.self_describing_json.SelfDescribingJson object at 0x10b81b350>, <snowplow_tracker.self_describing_json.SelfDescribingJson object at 0x10751d4d0>]}
[0m11:11:11.557167 [debug] [MainThread]: Flushing usage events
[0m11:11:11.961017 [debug] [MainThread]: An error was encountered while trying to flush usage events
